I'm sorry, but errors were detected in your script. Please correct the
errors listed below, and try again.


File "game/chapter2.rpy", line 12: expected statement.
    music alley
               ^

File "game/chapter2.rpy", line 30: expected statement.
    music alley
               ^

File "game/chapter2.rpy", line 42: expected statement.
    music regular
                 ^

Ren'Py Version: Ren'Py 8.2.1.24030407
Tue May 21 00:23:12 2024
